// Jest Snapshot v1, https://goo.gl/fbAQLP

exports[`common / footer / FooterComponent should match snapshot 1`] = `
ShallowWrapper {
  "length": 1,
  Symbol(enzyme.__root__): [Circular],
  Symbol(enzyme.__unrendered__): <FooterComponent />,
  Symbol(enzyme.__renderer__): Object {
    "batchedUpdates": [Function],
    "getNode": [Function],
    "render": [Function],
    "simulateEvent": [Function],
    "unmount": [Function],
  },
  Symbol(enzyme.__node__): Object {
    "instance": null,
    "key": undefined,
    "nodeType": "host",
    "props": Object {
      "children": Array [
        <p
          className="footer-paragraph"
        >
          Created by Kamil Bysiec from 
        </p>,
        <a
          href="https://agileplayers.com"
          rel="noopener noreferrer"
          target="_blank"
        >
          <img
            alt="agile players logo"
            className="footer-link-logo"
            src="https://agileplayers.com/Static/dist/img/logo_full.svg"
          />
        </a>,
      ],
      "className": "footer",
    },
    "ref": null,
    "rendered": Array [
      Object {
        "instance": null,
        "key": undefined,
        "nodeType": "host",
        "props": Object {
          "children": "Created by Kamil Bysiec from ",
          "className": "footer-paragraph",
        },
        "ref": null,
        "rendered": "Created by Kamil Bysiec from ",
        "type": "p",
      },
      Object {
        "instance": null,
        "key": undefined,
        "nodeType": "host",
        "props": Object {
          "children": <img
            alt="agile players logo"
            className="footer-link-logo"
            src="https://agileplayers.com/Static/dist/img/logo_full.svg"
          />,
          "href": "https://agileplayers.com",
          "rel": "noopener noreferrer",
          "target": "_blank",
        },
        "ref": null,
        "rendered": Object {
          "instance": null,
          "key": undefined,
          "nodeType": "host",
          "props": Object {
            "alt": "agile players logo",
            "className": "footer-link-logo",
            "src": "https://agileplayers.com/Static/dist/img/logo_full.svg",
          },
          "ref": null,
          "rendered": null,
          "type": "img",
        },
        "type": "a",
      },
    ],
    "type": "div",
  },
  Symbol(enzyme.__nodes__): Array [
    Object {
      "instance": null,
      "key": undefined,
      "nodeType": "host",
      "props": Object {
        "children": Array [
          <p
            className="footer-paragraph"
          >
            Created by Kamil Bysiec from 
          </p>,
          <a
            href="https://agileplayers.com"
            rel="noopener noreferrer"
            target="_blank"
          >
            <img
              alt="agile players logo"
              className="footer-link-logo"
              src="https://agileplayers.com/Static/dist/img/logo_full.svg"
            />
          </a>,
        ],
        "className": "footer",
      },
      "ref": null,
      "rendered": Array [
        Object {
          "instance": null,
          "key": undefined,
          "nodeType": "host",
          "props": Object {
            "children": "Created by Kamil Bysiec from ",
            "className": "footer-paragraph",
          },
          "ref": null,
          "rendered": "Created by Kamil Bysiec from ",
          "type": "p",
        },
        Object {
          "instance": null,
          "key": undefined,
          "nodeType": "host",
          "props": Object {
            "children": <img
              alt="agile players logo"
              className="footer-link-logo"
              src="https://agileplayers.com/Static/dist/img/logo_full.svg"
            />,
            "href": "https://agileplayers.com",
            "rel": "noopener noreferrer",
            "target": "_blank",
          },
          "ref": null,
          "rendered": Object {
            "instance": null,
            "key": undefined,
            "nodeType": "host",
            "props": Object {
              "alt": "agile players logo",
              "className": "footer-link-logo",
              "src": "https://agileplayers.com/Static/dist/img/logo_full.svg",
            },
            "ref": null,
            "rendered": null,
            "type": "img",
          },
          "type": "a",
        },
      ],
      "type": "div",
    },
  ],
  Symbol(enzyme.__options__): Object {
    "adapter": ReactSixteenAdapter {
      "options": Object {
        "enableComponentDidUpdateOnSetState": true,
      },
    },
  },
}
`;
